2025-03-21 02:05:28,169 - INFO - Outcome of training data of epoch 1:
2025-03-21 02:05:28,170 - INFO - loss: 0.022799688002399954
2025-03-21 02:05:28,170 - INFO - Number of true positives: 0
2025-03-21 02:05:28,170 - INFO - Number of true negatives: 49
2025-03-21 02:05:28,170 - INFO - Number of false positives FP1: 0
2025-03-21 02:05:28,170 - INFO - Number of false positives FP2: 0
2025-03-21 02:05:28,170 - INFO - Number of false negatives: 5474
2025-03-21 02:05:28,170 - INFO - F1 Score for epoch 1: 0.0000
2025-03-21 02:12:14,714 - INFO - Outcome of training data of epoch 2:
2025-03-21 02:12:14,715 - INFO - loss: 0.02214792691950862
2025-03-21 02:12:14,715 - INFO - Number of true positives: 42
2025-03-21 02:12:14,715 - INFO - Number of true negatives: 48
2025-03-21 02:12:14,715 - INFO - Number of false positives FP1: 809
2025-03-21 02:12:14,715 - INFO - Number of false positives FP2: 1
2025-03-21 02:12:14,715 - INFO - Number of false negatives: 4623
2025-03-21 02:12:14,715 - INFO - F1 Score for epoch 2: 0.0152
2025-03-21 02:12:32,007 - WARNING - Found untraced functions such as _jit_compiled_convolution_op, _jit_compiled_convolution_op, activation_59_layer_call_fn, activation_59_layer_call_and_return_conditional_losses, conv2d_63_layer_call_fn while saving (showing 5 of 386). These functions will not be directly callable after loading.
2025-03-21 02:12:38,023 - INFO - Assets written to: /root/autodl-tmp/model_weights/tracknet_0320/tracknet_distillation_best_0320/assets
2025-03-21 02:12:39,170 - INFO - New best F1 score: 0.0152. Weights saved to /root/autodl-tmp/model_weights/tracknet_0320/tracknet_distillation_best_0320
2025-03-21 02:19:34,391 - INFO - Outcome of training data of epoch 3:
2025-03-21 02:19:34,391 - INFO - loss: 0.013582645350119549
2025-03-21 02:19:34,391 - INFO - Number of true positives: 302
2025-03-21 02:19:34,391 - INFO - Number of true negatives: 48
2025-03-21 02:19:34,391 - INFO - Number of false positives FP1: 112
2025-03-21 02:19:34,391 - INFO - Number of false positives FP2: 1
2025-03-21 02:19:34,392 - INFO - Number of false negatives: 5060
2025-03-21 02:19:34,392 - INFO - F1 Score for epoch 3: 0.1046
2025-03-21 02:19:51,114 - WARNING - Found untraced functions such as _jit_compiled_convolution_op, _jit_compiled_convolution_op, activation_59_layer_call_fn, activation_59_layer_call_and_return_conditional_losses, conv2d_63_layer_call_fn while saving (showing 5 of 386). These functions will not be directly callable after loading.
2025-03-21 02:19:56,970 - INFO - Assets written to: /root/autodl-tmp/model_weights/tracknet_0320/tracknet_distillation_best_0320/assets
2025-03-21 02:19:58,067 - INFO - New best F1 score: 0.1046. Weights saved to /root/autodl-tmp/model_weights/tracknet_0320/tracknet_distillation_best_0320
2025-03-21 02:26:50,312 - INFO - Outcome of training data of epoch 4:
2025-03-21 02:26:50,312 - INFO - loss: 0.007553000096281792
2025-03-21 02:26:50,312 - INFO - Number of true positives: 3555
2025-03-21 02:26:50,312 - INFO - Number of true negatives: 33
2025-03-21 02:26:50,312 - INFO - Number of false positives FP1: 475
2025-03-21 02:26:50,312 - INFO - Number of false positives FP2: 16
2025-03-21 02:26:50,312 - INFO - Number of false negatives: 1444
2025-03-21 02:26:50,313 - INFO - F1 Score for epoch 4: 0.7861
2025-03-21 02:27:06,812 - WARNING - Found untraced functions such as _jit_compiled_convolution_op, _jit_compiled_convolution_op, activation_59_layer_call_fn, activation_59_layer_call_and_return_conditional_losses, conv2d_63_layer_call_fn while saving (showing 5 of 386). These functions will not be directly callable after loading.
2025-03-21 02:27:12,527 - INFO - Assets written to: /root/autodl-tmp/model_weights/tracknet_0320/tracknet_distillation_best_0320/assets
2025-03-21 02:27:13,556 - INFO - New best F1 score: 0.7861. Weights saved to /root/autodl-tmp/model_weights/tracknet_0320/tracknet_distillation_best_0320
2025-03-21 02:34:02,337 - INFO - Outcome of training data of epoch 5:
2025-03-21 02:34:02,337 - INFO - loss: 0.006085016931660192
2025-03-21 02:34:02,337 - INFO - Number of true positives: 3441
2025-03-21 02:34:02,337 - INFO - Number of true negatives: 40
2025-03-21 02:34:02,337 - INFO - Number of false positives FP1: 693
2025-03-21 02:34:02,337 - INFO - Number of false positives FP2: 9
2025-03-21 02:34:02,337 - INFO - Number of false negatives: 1340
2025-03-21 02:34:02,337 - INFO - F1 Score for epoch 5: 0.7712
2025-03-21 02:40:50,505 - INFO - Outcome of training data of epoch 6:
2025-03-21 02:40:50,505 - INFO - loss: 0.005183505021134849
2025-03-21 02:40:50,505 - INFO - Number of true positives: 4010
2025-03-21 02:40:50,505 - INFO - Number of true negatives: 36
2025-03-21 02:40:50,505 - INFO - Number of false positives FP1: 468
2025-03-21 02:40:50,505 - INFO - Number of false positives FP2: 13
2025-03-21 02:40:50,505 - INFO - Number of false negatives: 996
2025-03-21 02:40:50,505 - INFO - F1 Score for epoch 6: 0.8445
2025-03-21 02:41:07,080 - WARNING - Found untraced functions such as _jit_compiled_convolution_op, _jit_compiled_convolution_op, activation_59_layer_call_fn, activation_59_layer_call_and_return_conditional_losses, conv2d_63_layer_call_fn while saving (showing 5 of 386). These functions will not be directly callable after loading.
2025-03-21 02:41:12,713 - INFO - Assets written to: /root/autodl-tmp/model_weights/tracknet_0320/tracknet_distillation_best_0320/assets
2025-03-21 02:41:13,791 - INFO - New best F1 score: 0.8445. Weights saved to /root/autodl-tmp/model_weights/tracknet_0320/tracknet_distillation_best_0320
2025-03-21 02:48:02,592 - INFO - Outcome of training data of epoch 7:
2025-03-21 02:48:02,592 - INFO - loss: 0.004876625802538115
2025-03-21 02:48:02,592 - INFO - Number of true positives: 4007
2025-03-21 02:48:02,592 - INFO - Number of true negatives: 43
2025-03-21 02:48:02,592 - INFO - Number of false positives FP1: 297
2025-03-21 02:48:02,592 - INFO - Number of false positives FP2: 6
2025-03-21 02:48:02,592 - INFO - Number of false negatives: 1170
2025-03-21 02:48:02,592 - INFO - F1 Score for epoch 7: 0.8447
2025-03-21 02:48:19,142 - WARNING - Found untraced functions such as _jit_compiled_convolution_op, _jit_compiled_convolution_op, activation_59_layer_call_fn, activation_59_layer_call_and_return_conditional_losses, conv2d_63_layer_call_fn while saving (showing 5 of 386). These functions will not be directly callable after loading.
2025-03-21 02:48:25,033 - INFO - Assets written to: /root/autodl-tmp/model_weights/tracknet_0320/tracknet_distillation_best_0320/assets
2025-03-21 02:48:26,130 - INFO - New best F1 score: 0.8447. Weights saved to /root/autodl-tmp/model_weights/tracknet_0320/tracknet_distillation_best_0320
2025-03-21 02:55:15,175 - INFO - Outcome of training data of epoch 8:
2025-03-21 02:55:15,176 - INFO - loss: 0.004488173483904845
2025-03-21 02:55:15,176 - INFO - Number of true positives: 4033
2025-03-21 02:55:15,176 - INFO - Number of true negatives: 26
2025-03-21 02:55:15,176 - INFO - Number of false positives FP1: 691
2025-03-21 02:55:15,176 - INFO - Number of false positives FP2: 23
2025-03-21 02:55:15,176 - INFO - Number of false negatives: 750
2025-03-21 02:55:15,176 - INFO - F1 Score for epoch 8: 0.8464
2025-03-21 02:55:31,857 - WARNING - Found untraced functions such as _jit_compiled_convolution_op, _jit_compiled_convolution_op, activation_59_layer_call_fn, activation_59_layer_call_and_return_conditional_losses, conv2d_63_layer_call_fn while saving (showing 5 of 386). These functions will not be directly callable after loading.
2025-03-21 02:55:37,598 - INFO - Assets written to: /root/autodl-tmp/model_weights/tracknet_0320/tracknet_distillation_best_0320/assets
2025-03-21 02:55:38,607 - INFO - New best F1 score: 0.8464. Weights saved to /root/autodl-tmp/model_weights/tracknet_0320/tracknet_distillation_best_0320
2025-03-21 03:02:24,196 - INFO - Outcome of training data of epoch 9:
2025-03-21 03:02:24,196 - INFO - loss: 0.004259349526435585
2025-03-21 03:02:24,197 - INFO - Number of true positives: 4072
2025-03-21 03:02:24,197 - INFO - Number of true negatives: 39
2025-03-21 03:02:24,197 - INFO - Number of false positives FP1: 498
2025-03-21 03:02:24,197 - INFO - Number of false positives FP2: 10
2025-03-21 03:02:24,197 - INFO - Number of false negatives: 904
2025-03-21 03:02:24,197 - INFO - F1 Score for epoch 9: 0.8522
2025-03-21 03:02:40,729 - WARNING - Found untraced functions such as _jit_compiled_convolution_op, _jit_compiled_convolution_op, activation_59_layer_call_fn, activation_59_layer_call_and_return_conditional_losses, conv2d_63_layer_call_fn while saving (showing 5 of 386). These functions will not be directly callable after loading.
2025-03-21 03:02:46,374 - INFO - Assets written to: /root/autodl-tmp/model_weights/tracknet_0320/tracknet_distillation_best_0320/assets
2025-03-21 03:02:47,395 - INFO - New best F1 score: 0.8522. Weights saved to /root/autodl-tmp/model_weights/tracknet_0320/tracknet_distillation_best_0320
2025-03-21 03:09:34,610 - INFO - Outcome of training data of epoch 10:
2025-03-21 03:09:34,610 - INFO - loss: 0.003951743791853701
2025-03-21 03:09:34,610 - INFO - Number of true positives: 3805
2025-03-21 03:09:34,610 - INFO - Number of true negatives: 45
2025-03-21 03:09:34,610 - INFO - Number of false positives FP1: 229
2025-03-21 03:09:34,610 - INFO - Number of false positives FP2: 4
2025-03-21 03:09:34,610 - INFO - Number of false negatives: 1440
2025-03-21 03:09:34,610 - INFO - F1 Score for epoch 10: 0.8198
2025-03-21 03:16:21,384 - INFO - Outcome of training data of epoch 11:
2025-03-21 03:16:21,384 - INFO - loss: 0.0037805243364381624
2025-03-21 03:16:21,384 - INFO - Number of true positives: 3801
2025-03-21 03:16:21,384 - INFO - Number of true negatives: 45
2025-03-21 03:16:21,384 - INFO - Number of false positives FP1: 161
2025-03-21 03:16:21,384 - INFO - Number of false positives FP2: 4
2025-03-21 03:16:21,384 - INFO - Number of false negatives: 1512
2025-03-21 03:16:21,384 - INFO - F1 Score for epoch 11: 0.8193
2025-03-21 03:23:09,442 - INFO - Outcome of training data of epoch 12:
2025-03-21 03:23:09,442 - INFO - loss: 0.003524373437445938
2025-03-21 03:23:09,442 - INFO - Number of true positives: 4275
2025-03-21 03:23:09,442 - INFO - Number of true negatives: 42
2025-03-21 03:23:09,442 - INFO - Number of false positives FP1: 178
2025-03-21 03:23:09,442 - INFO - Number of false positives FP2: 7
2025-03-21 03:23:09,442 - INFO - Number of false negatives: 1021
2025-03-21 03:23:09,442 - INFO - F1 Score for epoch 12: 0.8764
2025-03-21 03:23:25,992 - WARNING - Found untraced functions such as _jit_compiled_convolution_op, _jit_compiled_convolution_op, activation_59_layer_call_fn, activation_59_layer_call_and_return_conditional_losses, conv2d_63_layer_call_fn while saving (showing 5 of 386). These functions will not be directly callable after loading.
2025-03-21 03:23:31,685 - INFO - Assets written to: /root/autodl-tmp/model_weights/tracknet_0320/tracknet_distillation_best_0320/assets
2025-03-21 03:23:32,716 - INFO - New best F1 score: 0.8764. Weights saved to /root/autodl-tmp/model_weights/tracknet_0320/tracknet_distillation_best_0320
2025-03-21 03:30:22,175 - INFO - Outcome of training data of epoch 13:
2025-03-21 03:30:22,175 - INFO - loss: 0.003330465083582368
2025-03-21 03:30:22,175 - INFO - Number of true positives: 4104
2025-03-21 03:30:22,175 - INFO - Number of true negatives: 43
2025-03-21 03:30:22,175 - INFO - Number of false positives FP1: 332
2025-03-21 03:30:22,175 - INFO - Number of false positives FP2: 6
2025-03-21 03:30:22,175 - INFO - Number of false negatives: 1038
2025-03-21 03:30:22,175 - INFO - F1 Score for epoch 13: 0.8564
2025-03-21 03:37:10,534 - INFO - Outcome of training data of epoch 14:
2025-03-21 03:37:10,534 - INFO - loss: 0.003208801404587902
2025-03-21 03:37:10,534 - INFO - Number of true positives: 4379
2025-03-21 03:37:10,534 - INFO - Number of true negatives: 42
2025-03-21 03:37:10,534 - INFO - Number of false positives FP1: 278
2025-03-21 03:37:10,534 - INFO - Number of false positives FP2: 7
2025-03-21 03:37:10,534 - INFO - Number of false negatives: 817
2025-03-21 03:37:10,534 - INFO - F1 Score for epoch 14: 0.8882
2025-03-21 03:37:27,104 - WARNING - Found untraced functions such as _jit_compiled_convolution_op, _jit_compiled_convolution_op, activation_59_layer_call_fn, activation_59_layer_call_and_return_conditional_losses, conv2d_63_layer_call_fn while saving (showing 5 of 386). These functions will not be directly callable after loading.
2025-03-21 03:37:32,798 - INFO - Assets written to: /root/autodl-tmp/model_weights/tracknet_0320/tracknet_distillation_best_0320/assets
2025-03-21 03:37:33,815 - INFO - New best F1 score: 0.8882. Weights saved to /root/autodl-tmp/model_weights/tracknet_0320/tracknet_distillation_best_0320
2025-03-21 03:44:22,724 - INFO - Outcome of training data of epoch 15:
2025-03-21 03:44:22,724 - INFO - loss: 0.003090880543650698
2025-03-21 03:44:22,724 - INFO - Number of true positives: 3934
2025-03-21 03:44:22,724 - INFO - Number of true negatives: 45
2025-03-21 03:44:22,724 - INFO - Number of false positives FP1: 85
2025-03-21 03:44:22,724 - INFO - Number of false positives FP2: 4
2025-03-21 03:44:22,724 - INFO - Number of false negatives: 1455
2025-03-21 03:44:22,724 - INFO - F1 Score for epoch 15: 0.8360
2025-03-21 03:51:10,757 - INFO - Outcome of training data of epoch 16:
2025-03-21 03:51:10,758 - INFO - loss: 0.0028972580798032332
2025-03-21 03:51:10,758 - INFO - Number of true positives: 4492
2025-03-21 03:51:10,758 - INFO - Number of true negatives: 34
2025-03-21 03:51:10,758 - INFO - Number of false positives FP1: 307
2025-03-21 03:51:10,758 - INFO - Number of false positives FP2: 15
2025-03-21 03:51:10,758 - INFO - Number of false negatives: 675
2025-03-21 03:51:10,758 - INFO - F1 Score for epoch 16: 0.9001
2025-03-21 03:51:27,222 - WARNING - Found untraced functions such as _jit_compiled_convolution_op, _jit_compiled_convolution_op, activation_59_layer_call_fn, activation_59_layer_call_and_return_conditional_losses, conv2d_63_layer_call_fn while saving (showing 5 of 386). These functions will not be directly callable after loading.
2025-03-21 03:51:32,898 - INFO - Assets written to: /root/autodl-tmp/model_weights/tracknet_0320/tracknet_distillation_best_0320/assets
2025-03-21 03:51:33,938 - INFO - New best F1 score: 0.9001. Weights saved to /root/autodl-tmp/model_weights/tracknet_0320/tracknet_distillation_best_0320
2025-03-21 03:58:23,650 - INFO - Outcome of training data of epoch 17:
2025-03-21 03:58:23,651 - INFO - loss: 0.002806941997496426
2025-03-21 03:58:23,651 - INFO - Number of true positives: 4123
2025-03-21 03:58:23,651 - INFO - Number of true negatives: 43
2025-03-21 03:58:23,651 - INFO - Number of false positives FP1: 100
2025-03-21 03:58:23,651 - INFO - Number of false positives FP2: 6
2025-03-21 03:58:23,651 - INFO - Number of false negatives: 1251
2025-03-21 03:58:23,651 - INFO - F1 Score for epoch 17: 0.8587
2025-03-21 04:05:12,822 - INFO - Outcome of training data of epoch 18:
2025-03-21 04:05:12,822 - INFO - loss: 0.0026888136538019136
2025-03-21 04:05:12,822 - INFO - Number of true positives: 4476
2025-03-21 04:05:12,822 - INFO - Number of true negatives: 42
2025-03-21 04:05:12,822 - INFO - Number of false positives FP1: 127
2025-03-21 04:05:12,822 - INFO - Number of false positives FP2: 7
2025-03-21 04:05:12,822 - INFO - Number of false negatives: 871
2025-03-21 04:05:12,822 - INFO - F1 Score for epoch 18: 0.8991
2025-03-21 04:12:01,814 - INFO - Outcome of training data of epoch 19:
2025-03-21 04:12:01,814 - INFO - loss: 0.0024917514366274984
2025-03-21 04:12:01,814 - INFO - Number of true positives: 4603
2025-03-21 04:12:01,814 - INFO - Number of true negatives: 39
2025-03-21 04:12:01,814 - INFO - Number of false positives FP1: 139
2025-03-21 04:12:01,814 - INFO - Number of false positives FP2: 10
2025-03-21 04:12:01,814 - INFO - Number of false negatives: 732
2025-03-21 04:12:01,815 - INFO - F1 Score for epoch 19: 0.9127
2025-03-21 04:12:18,372 - WARNING - Found untraced functions such as _jit_compiled_convolution_op, _jit_compiled_convolution_op, activation_59_layer_call_fn, activation_59_layer_call_and_return_conditional_losses, conv2d_63_layer_call_fn while saving (showing 5 of 386). These functions will not be directly callable after loading.
2025-03-21 04:12:24,014 - INFO - Assets written to: /root/autodl-tmp/model_weights/tracknet_0320/tracknet_distillation_best_0320/assets
2025-03-21 04:12:25,061 - INFO - New best F1 score: 0.9127. Weights saved to /root/autodl-tmp/model_weights/tracknet_0320/tracknet_distillation_best_0320
2025-03-21 04:19:14,505 - INFO - Outcome of training data of epoch 20:
2025-03-21 04:19:14,505 - INFO - loss: 0.0025010353179806266
2025-03-21 04:19:14,505 - INFO - Number of true positives: 4397
2025-03-21 04:19:14,505 - INFO - Number of true negatives: 41
2025-03-21 04:19:14,505 - INFO - Number of false positives FP1: 151
2025-03-21 04:19:14,505 - INFO - Number of false positives FP2: 8
2025-03-21 04:19:14,505 - INFO - Number of false negatives: 926
2025-03-21 04:19:14,505 - INFO - F1 Score for epoch 20: 0.8902
2025-03-21 04:26:04,055 - INFO - Outcome of training data of epoch 21:
2025-03-21 04:26:04,055 - INFO - loss: 0.002337036891179811
2025-03-21 04:26:04,055 - INFO - Number of true positives: 4549
2025-03-21 04:26:04,055 - INFO - Number of true negatives: 42
2025-03-21 04:26:04,055 - INFO - Number of false positives FP1: 144
2025-03-21 04:26:04,055 - INFO - Number of false positives FP2: 7
2025-03-21 04:26:04,055 - INFO - Number of false negatives: 781
2025-03-21 04:26:04,055 - INFO - F1 Score for epoch 21: 0.9071
2025-03-21 04:32:53,764 - INFO - Outcome of training data of epoch 22:
2025-03-21 04:32:53,766 - INFO - loss: 0.002271950034749004
2025-03-21 04:32:53,766 - INFO - Number of true positives: 4553
2025-03-21 04:32:53,766 - INFO - Number of true negatives: 42
2025-03-21 04:32:53,766 - INFO - Number of false positives FP1: 91
2025-03-21 04:32:53,766 - INFO - Number of false positives FP2: 7
2025-03-21 04:32:53,766 - INFO - Number of false negatives: 830
2025-03-21 04:32:53,766 - INFO - F1 Score for epoch 22: 0.9075
2025-03-21 04:39:43,573 - INFO - Outcome of training data of epoch 23:
2025-03-21 04:39:43,573 - INFO - loss: 0.0022399945314903746
2025-03-21 04:39:43,574 - INFO - Number of true positives: 4701
2025-03-21 04:39:43,574 - INFO - Number of true negatives: 40
2025-03-21 04:39:43,574 - INFO - Number of false positives FP1: 179
2025-03-21 04:39:43,574 - INFO - Number of false positives FP2: 9
2025-03-21 04:39:43,574 - INFO - Number of false negatives: 594
2025-03-21 04:39:43,574 - INFO - F1 Score for epoch 23: 0.9232
2025-03-21 04:40:00,123 - WARNING - Found untraced functions such as _jit_compiled_convolution_op, _jit_compiled_convolution_op, activation_59_layer_call_fn, activation_59_layer_call_and_return_conditional_losses, conv2d_63_layer_call_fn while saving (showing 5 of 386). These functions will not be directly callable after loading.
2025-03-21 04:40:05,826 - INFO - Assets written to: /root/autodl-tmp/model_weights/tracknet_0320/tracknet_distillation_best_0320/assets
2025-03-21 04:40:06,838 - INFO - New best F1 score: 0.9232. Weights saved to /root/autodl-tmp/model_weights/tracknet_0320/tracknet_distillation_best_0320
2025-03-21 04:46:58,111 - INFO - Outcome of training data of epoch 24:
2025-03-21 04:46:58,111 - INFO - loss: 0.0021050817277426526
2025-03-21 04:46:58,111 - INFO - Number of true positives: 4624
2025-03-21 04:46:58,111 - INFO - Number of true negatives: 40
2025-03-21 04:46:58,111 - INFO - Number of false positives FP1: 171
2025-03-21 04:46:58,111 - INFO - Number of false positives FP2: 9
2025-03-21 04:46:58,111 - INFO - Number of false negatives: 679
2025-03-21 04:46:58,111 - INFO - F1 Score for epoch 24: 0.9150
2025-03-21 04:53:47,923 - INFO - Outcome of training data of epoch 25:
2025-03-21 04:53:47,924 - INFO - loss: 0.002088318393361599
2025-03-21 04:53:47,924 - INFO - Number of true positives: 4431
2025-03-21 04:53:47,924 - INFO - Number of true negatives: 46
2025-03-21 04:53:47,924 - INFO - Number of false positives FP1: 54
2025-03-21 04:53:47,924 - INFO - Number of false positives FP2: 3
2025-03-21 04:53:47,924 - INFO - Number of false negatives: 989
2025-03-21 04:53:47,924 - INFO - F1 Score for epoch 25: 0.8944
2025-03-21 05:00:38,757 - INFO - Outcome of training data of epoch 26:
2025-03-21 05:00:38,759 - INFO - loss: 0.002000902511631375
2025-03-21 05:00:38,759 - INFO - Number of true positives: 4432
2025-03-21 05:00:38,759 - INFO - Number of true negatives: 45
2025-03-21 05:00:38,759 - INFO - Number of false positives FP1: 89
2025-03-21 05:00:38,759 - INFO - Number of false positives FP2: 4
2025-03-21 05:00:38,759 - INFO - Number of false negatives: 953
2025-03-21 05:00:38,759 - INFO - F1 Score for epoch 26: 0.8945
2025-03-21 05:07:28,706 - INFO - Outcome of training data of epoch 27:
2025-03-21 05:07:28,706 - INFO - loss: 0.0018933678316754854
2025-03-21 05:07:28,706 - INFO - Number of true positives: 4583
2025-03-21 05:07:28,706 - INFO - Number of true negatives: 43
2025-03-21 05:07:28,706 - INFO - Number of false positives FP1: 96
2025-03-21 05:07:28,706 - INFO - Number of false positives FP2: 6
2025-03-21 05:07:28,706 - INFO - Number of false negatives: 795
2025-03-21 05:07:28,706 - INFO - F1 Score for epoch 27: 0.9109
2025-03-21 05:14:18,899 - INFO - Outcome of training data of epoch 28:
2025-03-21 05:14:18,900 - INFO - loss: 0.0018988107223477657
2025-03-21 05:14:18,900 - INFO - Number of true positives: 4556
2025-03-21 05:14:18,900 - INFO - Number of true negatives: 44
2025-03-21 05:14:18,900 - INFO - Number of false positives FP1: 110
2025-03-21 05:14:18,900 - INFO - Number of false positives FP2: 5
2025-03-21 05:14:18,900 - INFO - Number of false negatives: 808
2025-03-21 05:14:18,900 - INFO - F1 Score for epoch 28: 0.9080
2025-03-21 05:21:08,417 - INFO - Outcome of training data of epoch 29:
2025-03-21 05:21:08,417 - INFO - loss: 0.0017929398835590526
2025-03-21 05:21:08,417 - INFO - Number of true positives: 4628
2025-03-21 05:21:08,417 - INFO - Number of true negatives: 44
2025-03-21 05:21:08,417 - INFO - Number of false positives FP1: 91
2025-03-21 05:21:08,417 - INFO - Number of false positives FP2: 5
2025-03-21 05:21:08,417 - INFO - Number of false negatives: 755
2025-03-21 05:21:08,417 - INFO - F1 Score for epoch 29: 0.9158
2025-03-21 05:27:58,359 - INFO - Outcome of training data of epoch 30:
2025-03-21 05:27:58,359 - INFO - loss: 0.0017826564199248385
2025-03-21 05:27:58,359 - INFO - Number of true positives: 4468
2025-03-21 05:27:58,359 - INFO - Number of true negatives: 35
2025-03-21 05:27:58,359 - INFO - Number of false positives FP1: 291
2025-03-21 05:27:58,359 - INFO - Number of false positives FP2: 14
2025-03-21 05:27:58,359 - INFO - Number of false negatives: 715
2025-03-21 05:27:58,359 - INFO - F1 Score for epoch 30: 0.8975
2025-03-21 05:34:48,838 - INFO - Outcome of training data of epoch 31:
2025-03-21 05:34:48,838 - INFO - loss: 0.0017730377224320915
2025-03-21 05:34:48,838 - INFO - Number of true positives: 4517
2025-03-21 05:34:48,838 - INFO - Number of true negatives: 47
2025-03-21 05:34:48,838 - INFO - Number of false positives FP1: 102
2025-03-21 05:34:48,838 - INFO - Number of false positives FP2: 2
2025-03-21 05:34:48,838 - INFO - Number of false negatives: 855
2025-03-21 05:34:48,838 - INFO - F1 Score for epoch 31: 0.9040
2025-03-21 05:41:37,107 - INFO - Outcome of training data of epoch 32:
2025-03-21 05:41:37,108 - INFO - loss: 0.0017240781064670196
2025-03-21 05:41:37,108 - INFO - Number of true positives: 4578
2025-03-21 05:41:37,108 - INFO - Number of true negatives: 44
2025-03-21 05:41:37,108 - INFO - Number of false positives FP1: 63
2025-03-21 05:41:37,108 - INFO - Number of false positives FP2: 5
2025-03-21 05:41:37,108 - INFO - Number of false negatives: 833
2025-03-21 05:41:37,108 - INFO - F1 Score for epoch 32: 0.9104
